2025-05-18 20:07:07 ERROR Server:104 - Usage: server <port>
2025-05-18 20:10:12 INFO  Server:128 - Server started on port 54321
2025-05-18 20:10:12 INFO  Server:46 - starting server
2025-05-18 20:10:16 INFO  Server:49 - New client connected
2025-05-18 20:10:16 INFO  LeaderboardManager:56 - Leaderboard file src\main\resources\leaderboard\Leaderboard.txt not found. Starting with an empty leaderboard.
2025-05-18 20:10:16 INFO  ClientHandler:118 - val joined the chat
2025-05-18 20:10:24 INFO  Server:49 - New client connected
2025-05-18 20:10:24 INFO  LeaderboardManager:56 - Leaderboard file src\main\resources\leaderboard\Leaderboard.txt not found. Starting with an empty leaderboard.
2025-05-18 20:10:24 INFO  ClientHandler:1056 - broadcastMessageToALl: SERVER val1 joined the Server.
2025-05-18 20:10:24 INFO  ClientHandler:118 - val1 joined the chat
2025-05-18 20:11:22 INFO  ClientHandler:1056 - broadcastMessageToALl: val                 ahahhlllooo                                                                                                                                                                                                                                                                         
2025-05-18 20:11:40 INFO  ClientHandler:1056 - broadcastMessageToALl: val                 😄                                                                                                                                                                                                                                                                                  
2025-05-18 20:11:53 INFO  ClientHandler:1056 - broadcastMessageToALl: val                 😄                                                                                                                                                                                                                                                                                  
2025-05-18 20:12:18 INFO  Server:49 - New client connected
2025-05-18 20:12:18 INFO  LeaderboardManager:56 - Leaderboard file src\main\resources\leaderboard\Leaderboard.txt not found. Starting with an empty leaderboard.
2025-05-18 20:12:18 INFO  ClientHandler:1056 - broadcastMessageToALl: SERVER val3 joined the Server.
2025-05-18 20:12:18 INFO  ClientHandler:1056 - broadcastMessageToALl: SERVER val3 joined the Server.
2025-05-18 20:12:18 INFO  ClientHandler:118 - val3 joined the chat
2025-05-18 20:12:31 INFO  LeaderboardManager:56 - Leaderboard file src\main\resources\leaderboard\Leaderboard.txt not found. Starting with an empty leaderboard.
2025-05-18 20:12:31 INFO  Client:404 - Game started in Lobby: coococ
2025-05-18 20:13:06 INFO  ClientHandler:726 - Arrived in server reactToCard: RK
2025-05-18 20:13:06 INFO  ClientHandler:755 - Card in hand: true
2025-05-18 20:13:14 INFO  ClientHandler:726 - Arrived in server reactToCard: BK
2025-05-18 20:13:14 INFO  ClientHandler:755 - Card in hand: true
2025-05-18 20:13:40 INFO  ClientHandler:726 - Arrived in server reactToCard: R9
2025-05-18 20:13:40 INFO  ClientHandler:755 - Card in hand: true
2025-05-18 20:13:48 INFO  ClientHandler:726 - Arrived in server reactToCard: E6
2025-05-18 20:13:48 INFO  ClientHandler:755 - Card in hand: true
2025-05-18 20:13:49 INFO  ClientHandler:726 - Arrived in server reactToCard: RA
2025-05-18 20:13:49 INFO  ClientHandler:755 - Card in hand: true
2025-05-18 20:13:51 INFO  ClientHandler:726 - Arrived in server reactToCard: B10
2025-05-18 20:13:51 INFO  ClientHandler:787 - Card in hand: true
2025-05-18 20:14:12 INFO  ClientHandler:726 - Arrived in server reactToCard: RO
2025-05-18 20:14:12 INFO  ClientHandler:755 - Card in hand: true
2025-05-18 20:14:13 INFO  ClientHandler:726 - Arrived in server reactToCard: R10
2025-05-18 20:14:13 INFO  ClientHandler:787 - Card in hand: true
2025-05-18 20:14:14 INFO  ClientHandler:726 - Arrived in server reactToCard: EA
2025-05-18 20:14:14 INFO  ClientHandler:755 - Card in hand: true
2025-05-18 20:14:15 INFO  ClientHandler:726 - Arrived in server reactToCard: E8
2025-05-18 20:14:15 INFO  ClientHandler:755 - Card in hand: true
2025-05-18 20:14:16 INFO  ClientHandler:726 - Arrived in server reactToCard: BU
2025-05-18 20:14:16 INFO  ClientHandler:755 - Card in hand: true
2025-05-18 20:14:16 INFO  ClientHandler:726 - Arrived in server reactToCard: R8
2025-05-18 20:14:16 INFO  ClientHandler:755 - Card in hand: true
2025-05-18 20:14:17 INFO  ClientHandler:726 - Arrived in server reactToCard: SU
2025-05-18 20:14:17 INFO  ClientHandler:755 - Card in hand: true
2025-05-18 20:14:18 INFO  ClientHandler:726 - Arrived in server reactToCard: E10
2025-05-18 20:14:18 INFO  ClientHandler:787 - Card in hand: true
2025-05-18 20:14:18 INFO  ClientHandler:726 - Arrived in server reactToCard: EO
2025-05-18 20:14:18 INFO  ClientHandler:755 - Card in hand: true
2025-05-18 20:14:19 INFO  ClientHandler:726 - Arrived in server reactToCard: S8
2025-05-18 20:14:19 INFO  ClientHandler:755 - Card in hand: true
2025-05-18 20:14:21 INFO  ClientHandler:726 - Arrived in server reactToCard: E7
2025-05-18 20:14:21 INFO  ClientHandler:755 - Card in hand: true
2025-05-18 20:14:22 INFO  ClientHandler:726 - Arrived in server reactToCard: B9
2025-05-18 20:14:22 INFO  ClientHandler:755 - Card in hand: true
2025-05-18 20:14:57 INFO  ClientHandler:988 - Sent leaderbaord data for lobby coococ to val.
2025-05-18 20:15:03 INFO  ClientHandler:988 - Sent leaderbaord data for lobby coococ to val.
2025-05-18 20:15:14 INFO  ClientHandler:726 - Arrived in server reactToCard: E10
2025-05-18 20:15:14 INFO  ClientHandler:787 - Card in hand: true
2025-05-18 20:15:15 INFO  ClientHandler:726 - Arrived in server reactToCard: BK
2025-05-18 20:15:15 INFO  ClientHandler:755 - Card in hand: true
2025-05-18 20:15:15 INFO  ClientHandler:726 - Arrived in server reactToCard: SO
2025-05-18 20:15:15 INFO  ClientHandler:755 - Card in hand: true
2025-05-18 20:15:22 INFO  ClientHandler:726 - Arrived in server reactToCard: EO
2025-05-18 20:15:22 INFO  ClientHandler:755 - Card in hand: true
2025-05-18 20:15:23 INFO  ClientHandler:726 - Arrived in server reactToCard: S6
2025-05-18 20:15:23 INFO  ClientHandler:755 - Card in hand: true
2025-05-18 20:15:24 INFO  ClientHandler:726 - Arrived in server reactToCard: B6
2025-05-18 20:15:24 INFO  ClientHandler:755 - Card in hand: true
2025-05-18 20:15:51 INFO  Client:478 - Demo Game ended.
2025-05-18 20:15:51 INFO  LeaderboardManager:164 - Updating leaderboard with 3 entries.
2025-05-18 20:15:51 INFO  Client:386 - Game ended in Lobby: coococ
2025-05-18 20:16:14 INFO  ClientHandler:1056 - broadcastMessageToALl: val                 haha                                                                                                                                                                                                                                                                                
2025-05-18 20:16:14 INFO  ClientHandler:1056 - broadcastMessageToALl: val                 haha                                                                                                                                                                                                                                                                                
2025-05-18 20:16:16 INFO  ClientHandler:1056 - broadcastMessageToALl: val                 w                                                                                                                                                                                                                                                                                   
2025-05-18 20:16:16 INFO  ClientHandler:1056 - broadcastMessageToALl: val                 w                                                                                                                                                                                                                                                                                   
2025-05-18 20:16:17 INFO  ClientHandler:1056 - broadcastMessageToALl: val                 w                                                                                                                                                                                                                                                                                   
2025-05-18 20:16:17 INFO  ClientHandler:1056 - broadcastMessageToALl: val                 w                                                                                                                                                                                                                                                                                   
2025-05-18 20:16:17 INFO  ClientHandler:1056 - broadcastMessageToALl: val                 w                                                                                                                                                                                                                                                                                   
2025-05-18 20:16:17 INFO  ClientHandler:1056 - broadcastMessageToALl: val                 w                                                                                                                                                                                                                                                                                   
2025-05-18 20:16:18 INFO  ClientHandler:1056 - broadcastMessageToALl: val                 w                                                                                                                                                                                                                                                                                   
2025-05-18 20:16:18 INFO  ClientHandler:1056 - broadcastMessageToALl: val                 w                                                                                                                                                                                                                                                                                   
2025-05-18 20:16:18 INFO  ClientHandler:1056 - broadcastMessageToALl: val                 w                                                                                                                                                                                                                                                                                   
2025-05-18 20:16:18 INFO  ClientHandler:1056 - broadcastMessageToALl: val                 w                                                                                                                                                                                                                                                                                   
2025-05-18 20:16:18 INFO  ClientHandler:1056 - broadcastMessageToALl: val                 w                                                                                                                                                                                                                                                                                   
2025-05-18 20:16:18 INFO  ClientHandler:1056 - broadcastMessageToALl: val                 w                                                                                                                                                                                                                                                                                   
2025-05-18 20:16:18 INFO  ClientHandler:1056 - broadcastMessageToALl: val                 w                                                                                                                                                                                                                                                                                   
2025-05-18 20:16:18 INFO  ClientHandler:1056 - broadcastMessageToALl: val                 w                                                                                                                                                                                                                                                                                   
2025-05-18 20:16:18 INFO  ClientHandler:1056 - broadcastMessageToALl: val                 w                                                                                                                                                                                                                                                                                   
2025-05-18 20:16:18 INFO  ClientHandler:1056 - broadcastMessageToALl: val                 w                                                                                                                                                                                                                                                                                   
2025-05-18 20:16:19 INFO  ClientHandler:1056 - broadcastMessageToALl: val                 w                                                                                                                                                                                                                                                                                   
2025-05-18 20:16:19 INFO  ClientHandler:1056 - broadcastMessageToALl: val                 w                                                                                                                                                                                                                                                                                   
2025-05-18 20:16:19 INFO  ClientHandler:1056 - broadcastMessageToALl: val                 w                                                                                                                                                                                                                                                                                   
2025-05-18 20:16:19 INFO  ClientHandler:1056 - broadcastMessageToALl: val                 w                                                                                                                                                                                                                                                                                   
2025-05-18 20:16:19 INFO  ClientHandler:1056 - broadcastMessageToALl: val                 w                                                                                                                                                                                                                                                                                   
2025-05-18 20:16:19 INFO  ClientHandler:1056 - broadcastMessageToALl: val                 w                                                                                                                                                                                                                                                                                   
2025-05-18 20:16:19 INFO  ClientHandler:1056 - broadcastMessageToALl: val                 w                                                                                                                                                                                                                                                                                   
2025-05-18 20:16:19 INFO  ClientHandler:1056 - broadcastMessageToALl: val                 w                                                                                                                                                                                                                                                                                   
2025-05-18 20:16:19 INFO  ClientHandler:1056 - broadcastMessageToALl: val                 w                                                                                                                                                                                                                                                                                   
2025-05-18 20:16:19 INFO  ClientHandler:1056 - broadcastMessageToALl: val                 w                                                                                                                                                                                                                                                                                   
2025-05-18 20:16:20 INFO  ClientHandler:1056 - broadcastMessageToALl: val                 w                                                                                                                                                                                                                                                                                   
2025-05-18 20:16:20 INFO  ClientHandler:1056 - broadcastMessageToALl: val                 w                                                                                                                                                                                                                                                                                   
2025-05-18 20:16:29 INFO  ClientHandler:1056 - broadcastMessageToALl: val1                                                                                                                                                                                                                                                                                                    
2025-05-18 20:16:29 INFO  ClientHandler:1056 - broadcastMessageToALl: val1                                                                                                                                                                                                                                                                                                    
2025-05-18 20:16:30 INFO  ClientHandler:1056 - broadcastMessageToALl: val1                                                                                                                                                                                                                                                                                                    
2025-05-18 20:16:30 INFO  ClientHandler:1056 - broadcastMessageToALl: val1                                                                                                                                                                                                                                                                                                    
2025-05-18 20:16:31 INFO  ClientHandler:1056 - broadcastMessageToALl: val1                                                                                                                                                                                                                                                                                                    
2025-05-18 20:16:31 INFO  ClientHandler:1056 - broadcastMessageToALl: val1                                                                                                                                                                                                                                                                                                    
2025-05-18 20:16:31 INFO  ClientHandler:1056 - broadcastMessageToALl: val1                                                                                                                                                                                                                                                                                                    
2025-05-18 20:16:31 INFO  ClientHandler:1056 - broadcastMessageToALl: val1                                                                                                                                                                                                                                                                                                    
2025-05-18 20:16:31 INFO  ClientHandler:1056 - broadcastMessageToALl: val1                                                                                                                                                                                                                                                                                                    
2025-05-18 20:16:31 INFO  ClientHandler:1056 - broadcastMessageToALl: val1                                                                                                                                                                                                                                                                                                    
2025-05-18 20:16:31 INFO  ClientHandler:1056 - broadcastMessageToALl: val1                                                                                                                                                                                                                                                                                                    
2025-05-18 20:16:31 INFO  ClientHandler:1056 - broadcastMessageToALl: val1                                                                                                                                                                                                                                                                                                    
2025-05-18 20:16:32 INFO  ClientHandler:1056 - broadcastMessageToALl: val1                                                                                                                                                                                                                                                                                                    
2025-05-18 20:16:32 INFO  ClientHandler:1056 - broadcastMessageToALl: val1                                                                                                                                                                                                                                                                                                    
2025-05-18 20:16:32 INFO  ClientHandler:1056 - broadcastMessageToALl: val1                                                                                                                                                                                                                                                                                                    
2025-05-18 20:16:32 INFO  ClientHandler:1056 - broadcastMessageToALl: val1                                                                                                                                                                                                                                                                                                    
2025-05-18 20:16:32 INFO  ClientHandler:1056 - broadcastMessageToALl: val1                                                                                                                                                                                                                                                                                                    
2025-05-18 20:16:32 INFO  ClientHandler:1056 - broadcastMessageToALl: val1                                                                                                                                                                                                                                                                                                    
2025-05-18 20:16:32 INFO  ClientHandler:1056 - broadcastMessageToALl: val1                                                                                                                                                                                                                                                                                                    
2025-05-18 20:16:32 INFO  ClientHandler:1056 - broadcastMessageToALl: val1                                                                                                                                                                                                                                                                                                    
2025-05-18 20:16:32 INFO  ClientHandler:1056 - broadcastMessageToALl: val1                                                                                                                                                                                                                                                                                                    
2025-05-18 20:16:32 INFO  ClientHandler:1056 - broadcastMessageToALl: val1                                                                                                                                                                                                                                                                                                    
2025-05-18 20:16:32 INFO  ClientHandler:1056 - broadcastMessageToALl: val1                                                                                                                                                                                                                                                                                                    
2025-05-18 20:16:32 INFO  ClientHandler:1056 - broadcastMessageToALl: val1                                                                                                                                                                                                                                                                                                    
2025-05-18 20:16:32 INFO  ClientHandler:1056 - broadcastMessageToALl: val1                                                                                                                                                                                                                                                                                                    
2025-05-18 20:16:32 INFO  ClientHandler:1056 - broadcastMessageToALl: val1                                                                                                                                                                                                                                                                                                    
2025-05-18 20:16:32 INFO  ClientHandler:1056 - broadcastMessageToALl: val1                                                                                                                                                                                                                                                                                                    
2025-05-18 20:16:32 INFO  ClientHandler:1056 - broadcastMessageToALl: val1                                                                                                                                                                                                                                                                                                    
2025-05-18 20:16:32 INFO  ClientHandler:1056 - broadcastMessageToALl: val1                                                                                                                                                                                                                                                                                                    
2025-05-18 20:16:32 INFO  ClientHandler:1056 - broadcastMessageToALl: val1                                                                                                                                                                                                                                                                                                    
2025-05-18 20:16:32 INFO  ClientHandler:1056 - broadcastMessageToALl: val1                                                                                                                                                                                                                                                                                                    
2025-05-18 20:16:32 INFO  ClientHandler:1056 - broadcastMessageToALl: val1                                                                                                                                                                                                                                                                                                    
2025-05-18 20:16:32 INFO  ClientHandler:1056 - broadcastMessageToALl: val1                                                                                                                                                                                                                                                                                                    
2025-05-18 20:16:32 INFO  ClientHandler:1056 - broadcastMessageToALl: val1                                                                                                                                                                                                                                                                                                    
2025-05-18 20:16:32 INFO  ClientHandler:1056 - broadcastMessageToALl: val1                                                                                                                                                                                                                                                                                                    
2025-05-18 20:16:32 INFO  ClientHandler:1056 - broadcastMessageToALl: val1                                                                                                                                                                                                                                                                                                    
2025-05-18 20:16:32 INFO  ClientHandler:1056 - broadcastMessageToALl: val1                                                                                                                                                                                                                                                                                                    
2025-05-18 20:16:32 INFO  ClientHandler:1056 - broadcastMessageToALl: val1                                                                                                                                                                                                                                                                                                    
2025-05-18 20:16:32 INFO  ClientHandler:1056 - broadcastMessageToALl: val1                                                                                                                                                                                                                                                                                                    
2025-05-18 20:16:32 INFO  ClientHandler:1056 - broadcastMessageToALl: val1                                                                                                                                                                                                                                                                                                    
2025-05-18 20:16:32 INFO  ClientHandler:1056 - broadcastMessageToALl: val1                                                                                                                                                                                                                                                                                                    
2025-05-18 20:16:32 INFO  ClientHandler:1056 - broadcastMessageToALl: val1                                                                                                                                                                                                                                                                                                    
2025-05-18 20:16:32 INFO  ClientHandler:1056 - broadcastMessageToALl: val1                                                                                                                                                                                                                                                                                                    
2025-05-18 20:16:32 INFO  ClientHandler:1056 - broadcastMessageToALl: val1                                                                                                                                                                                                                                                                                                    
2025-05-18 20:16:32 INFO  ClientHandler:1056 - broadcastMessageToALl: val1                                                                                                                                                                                                                                                                                                    
2025-05-18 20:16:32 INFO  ClientHandler:1056 - broadcastMessageToALl: val1                                                                                                                                                                                                                                                                                                    
2025-05-18 20:16:32 INFO  ClientHandler:1056 - broadcastMessageToALl: val1                                                                                                                                                                                                                                                                                                    
2025-05-18 20:16:32 INFO  ClientHandler:1056 - broadcastMessageToALl: val1                                                                                                                                                                                                                                                                                                    
2025-05-18 20:16:32 INFO  ClientHandler:1056 - broadcastMessageToALl: val1                                                                                                                                                                                                                                                                                                    
2025-05-18 20:16:32 INFO  ClientHandler:1056 - broadcastMessageToALl: val1                                                                                                                                                                                                                                                                                                    
2025-05-18 20:16:33 INFO  ClientHandler:1056 - broadcastMessageToALl: val1                                                                                                                                                                                                                                                                                                    
2025-05-18 20:16:33 INFO  ClientHandler:1056 - broadcastMessageToALl: val1                                                                                                                                                                                                                                                                                                    
2025-05-18 20:16:33 INFO  ClientHandler:1056 - broadcastMessageToALl: val1                                                                                                                                                                                                                                                                                                    
2025-05-18 20:16:33 INFO  ClientHandler:1056 - broadcastMessageToALl: val1                                                                                                                                                                                                                                                                                                    
2025-05-18 20:16:33 INFO  ClientHandler:1056 - broadcastMessageToALl: val1                                                                                                                                                                                                                                                                                                    
2025-05-18 20:16:33 INFO  ClientHandler:1056 - broadcastMessageToALl: val1                                                                                                                                                                                                                                                                                                    
2025-05-18 20:16:33 INFO  ClientHandler:1056 - broadcastMessageToALl: val1                                                                                                                                                                                                                                                                                                    
2025-05-18 20:16:33 INFO  ClientHandler:1056 - broadcastMessageToALl: val1                                                                                                                                                                                                                                                                                                    
2025-05-18 20:16:33 INFO  ClientHandler:1056 - broadcastMessageToALl: val1                                                                                                                                                                                                                                                                                                    
2025-05-18 20:16:33 INFO  ClientHandler:1056 - broadcastMessageToALl: val1                                                                                                                                                                                                                                                                                                    
2025-05-18 20:16:33 INFO  ClientHandler:1056 - broadcastMessageToALl: val1                                                                                                                                                                                                                                                                                                    
2025-05-18 20:16:33 INFO  ClientHandler:1056 - broadcastMessageToALl: val1                                                                                                                                                                                                                                                                                                    
2025-05-18 20:16:33 INFO  ClientHandler:1056 - broadcastMessageToALl: val1                                                                                                                                                                                                                                                                                                    
2025-05-18 20:16:33 INFO  ClientHandler:1056 - broadcastMessageToALl: val1                                                                                                                                                                                                                                                                                                    
2025-05-18 20:16:33 INFO  ClientHandler:1056 - broadcastMessageToALl: val1                                                                                                                                                                                                                                                                                                    
2025-05-18 20:16:33 INFO  ClientHandler:1056 - broadcastMessageToALl: val1                                                                                                                                                                                                                                                                                                    
2025-05-18 20:16:33 INFO  ClientHandler:1056 - broadcastMessageToALl: val1                                                                                                                                                                                                                                                                                                    
2025-05-18 20:16:33 INFO  ClientHandler:1056 - broadcastMessageToALl: val1                                                                                                                                                                                                                                                                                                    
2025-05-18 20:16:33 INFO  ClientHandler:1056 - broadcastMessageToALl: val1                                                                                                                                                                                                                                                                                                    
2025-05-18 20:16:33 INFO  ClientHandler:1056 - broadcastMessageToALl: val1                                                                                                                                                                                                                                                                                                    
2025-05-18 20:16:37 INFO  ClientHandler:1056 - broadcastMessageToALl: val                 halllo                                                                                                                                                                                                                                                                              
2025-05-18 20:16:37 INFO  ClientHandler:1056 - broadcastMessageToALl: val                 halllo                                                                                                                                                                                                                                                                              
2025-05-18 20:17:23 INFO  LeaderboardManager:80 - Leaderboard loaded successfully on attempt 1
2025-05-18 20:17:23 INFO  Client:404 - Game started in Lobby: coococ
2025-05-18 20:17:51 INFO  ClientHandler:1056 - broadcastMessageToALl: SERVER val left the server
2025-05-18 20:17:51 INFO  ClientHandler:1056 - broadcastMessageToALl: SERVER val left the server
2025-05-18 20:17:51 INFO  ClientHandler:910 - Leave Lobby requested.
2025-05-18 20:17:51 INFO  ClientHandler:917 - User.hasLeft set to true
2025-05-18 20:17:53 INFO  ClientHandler:1056 - broadcastMessageToALl: SERVER val3 left the server
2025-05-18 20:17:53 INFO  ClientHandler:910 - Leave Lobby requested.
2025-05-18 20:17:53 INFO  ClientHandler:917 - User.hasLeft set to true
2025-05-18 20:17:57 INFO  ClientHandler:910 - Leave Lobby requested.
2025-05-18 20:17:57 INFO  ClientHandler:917 - User.hasLeft set to true
2025-05-18 20:17:57 WARN  Client:1252 - Changeorder: Player index out of bounds (Round)
2025-05-18 20:17:57 WARN  Client:1252 - Changeorder: Player index out of bounds (Round)
2025-05-18 20:17:57 WARN  Client:1252 - Changeorder: Player index out of bounds (Round)
2025-05-18 20:17:57 WARN  Client:1252 - Changeorder: Player index out of bounds (Round)
2025-05-18 20:17:57 WARN  Client:1252 - Changeorder: Player index out of bounds (Round)
2025-05-18 20:17:57 WARN  Client:1252 - Changeorder: Player index out of bounds (Round)
2025-05-18 20:17:57 WARN  Client:1252 - Changeorder: Player index out of bounds (Round)
2025-05-18 20:17:57 WARN  Client:1252 - Changeorder: Player index out of bounds (Round)
2025-05-18 20:17:57 INFO  Client:478 - Demo Game ended.
2025-05-18 20:17:57 INFO  Client:386 - Game ended in Lobby: coococ
